I'm sorry, but errors were detected in your script. Please correct the
errors listed below, and try again.


File "game/script.rpy", line 90: invalid syntax
    start_time = renpy.

Ren'Py Version: Ren'Py 8.2.2.24041101+nightly
Sat May  4 15:09:47 2024
